[INFO] Scanning for projects...
[INFO] 
[INFO] ------------------< com.example:meeting-room-system >-------------------
[INFO] Building meeting-room-system 0.0.1-SNAPSHOT
[INFO]   from pom.xml
[INFO] --------------------------------[ jar ]---------------------------------
[INFO] 
[INFO] --- clean:3.3.2:clean (default-clean) @ meeting-room-system ---
[INFO] Deleting e:\私有云\个人项目\backend\target
[INFO] 
[INFO] --- resources:3.3.1:resources (default-resources) @ meeting-room-system ---
[INFO] Copying 1 resource from src\main\resources to target\classes
[INFO] Copying 0 resource from src\main\resources to target\classes
[INFO] 
[INFO] --- compiler:3.11.0:compile (default-compile) @ meeting-room-system ---
[INFO] Changes detected - recompiling the module! :source
[INFO] Compiling 38 source files with javac [debug release 21] to target\classes
[INFO] ------------------------------------------------------------------------
[INFO] BUILD SUCCESS
[INFO] ------------------------------------------------------------------------
[INFO] Total time:  5.103 s
[INFO] Finished at: 2026-03-24T11:59:34+08:00
[INFO] ------------------------------------------------------------------------
